// Jest Snapshot v1, https://goo.gl/fbAQLP

exports[`LoginForm.vue has the expected html structure 1`] = `
<form
  class="form"
  id="register"
  method="post"
>
  <div
    class="input-box"
  >
    <p
      class="text"
    >
      Email
    </p>
     
    <input
      autocomplete="email"
      class="input--text"
      name="email"
      placeholder="Email"
      tabindex="0"
      type="email"
    />
  </div>
   
  <div
    class="input-box"
  >
    <p
      class="text"
    >
      Password
    </p>
     
    <input
      autocomplete="new-password"
      class="input--text"
      name="password"
      placeholder="Password"
      tabindex="0"
      type="password"
    />
  </div>
   
  <div
    class="input-box"
  >
    <p
      class="text"
    >
      Confirm Password
    </p>
     
    <input
      autocomplete="new-password"
      class="input--text"
      name="confirmPassword"
      placeholder="Confirm password"
      tabindex="0"
      type="password"
    />
  </div>
   
  <!---->
   
  <v-button-stub
    hierachylevel="primary"
    tabindex="0"
    text="Register"
    type="submit"
  />
</form>
`;

exports[`RegisterForm.vue has the expected html structure 1`] = `
<form
  class="form"
  id="register"
  method="post"
>
  <div
    class="input-box"
  >
    <p
      class="text"
    >
      Email
    </p>
     
    <input
      autocomplete="email"
      class="input--text"
      name="email"
      placeholder="Email"
      tabindex="0"
      type="email"
    />
  </div>
   
  <div
    class="input-box"
  >
    <p
      class="text"
    >
      Password
    </p>
     
    <input
      autocomplete="new-password"
      class="input--text"
      name="password"
      placeholder="Password"
      tabindex="0"
      type="password"
    />
  </div>
   
  <div
    class="input-box"
  >
    <p
      class="text"
    >
      Confirm Password
    </p>
     
    <input
      autocomplete="new-password"
      class="input--text"
      name="confirmPassword"
      placeholder="Confirm password"
      tabindex="0"
      type="password"
    />
  </div>
   
  <!---->
   
  <v-button-stub
    hierachylevel="primary"
    tabindex="0"
    text="Register"
    type="submit"
  />
</form>
`;
