// Jest Snapshot v1, https://goo.gl/fbAQLP

exports[`ResetPasswordForm.vue has the expected html structure 1`] = `
<form
  class="form"
  id="register"
  method="post"
>
  <div
    class="input-box"
  >
    <p
      class="text"
    >
      Reset Token
    </p>
     
    <input
      class="input--text"
      name="resetToken"
      placeholder="Reset Token"
      tabindex="0"
      type="text"
    />
  </div>
   
  <div
    class="input-box"
  >
    <p
      class="text"
    >
      New Password
    </p>
     
    <input
      class="input--text"
      name="newPassword"
      placeholder="New Password"
      tabindex="0"
      type="password"
    />
  </div>
   
  <div
    class="input-box"
  >
    <p
      class="text"
    >
      Confirm New Password
    </p>
     
    <input
      class="input--text"
      name="confirmPassword"
      placeholder="Confirm new password"
      tabindex="0"
      type="password"
    />
  </div>
   
  <!---->
   
  <v-button-stub
    hierachylevel="primary"
    tabindex="0"
    text="Reset Password"
    type="submit"
  />
   
  <!---->
</form>
`;
