// Jest Snapshot v1, https://goo.gl/fbAQLP

exports[`ResetPassword.vue has the expected html structure 1`] = `
<main-panel-stub>
  <template>
    <div
      class="content-column"
    >
      <h1
        class="title"
      >
        Climate Monitor
      </h1>
       
      <h2
        class="heading"
      >
        Reset Password
      </h2>
       
      <p
        class="text"
      >
        
        Enter a reset token and new password to reset the account password.
      
      </p>
       
      <reset-password-form-stub
        currentresettoken=""
      />
    </div>
  </template>
</main-panel-stub>
`;
